  Proyecto_Final.cpp
C:\Users\imano\Documents\Lab. Grafica\Proyecto_Final\Proyecto_Final\Proyecto_Final.cpp(506,24): warning C4244: 'inicializando': conversión de 'double' a 'GLfloat'; posible pérdida de datos
C:\Users\imano\Documents\Lab. Grafica\Proyecto_Final\Proyecto_Final\Proyecto_Final.cpp(522,16): warning C4244: 'inicializando': conversión de 'double' a 'float'; posible pérdida de datos
C:\Users\imano\Documents\Lab. Grafica\Proyecto_Final\Proyecto_Final\Proyecto_Final.cpp(580,21): warning C4244: '=': conversión de 'double' a 'T'; posible pérdida de datos
C:\Users\imano\Documents\Lab. Grafica\Proyecto_Final\Proyecto_Final\Proyecto_Final.cpp(580,21): warning C4244:         with
C:\Users\imano\Documents\Lab. Grafica\Proyecto_Final\Proyecto_Final\Proyecto_Final.cpp(580,21): warning C4244:         [
C:\Users\imano\Documents\Lab. Grafica\Proyecto_Final\Proyecto_Final\Proyecto_Final.cpp(580,21): warning C4244:             T=float
C:\Users\imano\Documents\Lab. Grafica\Proyecto_Final\Proyecto_Final\Proyecto_Final.cpp(580,21): warning C4244:         ]
C:\Users\imano\Documents\Lab. Grafica\Proyecto_Final\Proyecto_Final\Proyecto_Final.cpp(581,21): warning C4244: '=': conversión de 'double' a 'T'; posible pérdida de datos
C:\Users\imano\Documents\Lab. Grafica\Proyecto_Final\Proyecto_Final\Proyecto_Final.cpp(581,21): warning C4244:         with
C:\Users\imano\Documents\Lab. Grafica\Proyecto_Final\Proyecto_Final\Proyecto_Final.cpp(581,21): warning C4244:         [
C:\Users\imano\Documents\Lab. Grafica\Proyecto_Final\Proyecto_Final\Proyecto_Final.cpp(581,21): warning C4244:             T=float
C:\Users\imano\Documents\Lab. Grafica\Proyecto_Final\Proyecto_Final\Proyecto_Final.cpp(581,21): warning C4244:         ]
C:\Users\imano\Documents\Lab. Grafica\Proyecto_Final\Proyecto_Final\Proyecto_Final.cpp(582,21): warning C4244: '=': conversión de 'double' a 'T'; posible pérdida de datos
C:\Users\imano\Documents\Lab. Grafica\Proyecto_Final\Proyecto_Final\Proyecto_Final.cpp(582,21): warning C4244:         with
C:\Users\imano\Documents\Lab. Grafica\Proyecto_Final\Proyecto_Final\Proyecto_Final.cpp(582,21): warning C4244:         [
C:\Users\imano\Documents\Lab. Grafica\Proyecto_Final\Proyecto_Final\Proyecto_Final.cpp(582,21): warning C4244:             T=float
C:\Users\imano\Documents\Lab. Grafica\Proyecto_Final\Proyecto_Final\Proyecto_Final.cpp(582,21): warning C4244:         ]
C:\Users\imano\Documents\Lab. Grafica\Proyecto_Final\Proyecto_Final\Proyecto_Final.cpp(1329,38): warning C4244: '=': conversión de 'double' a 'float'; posible pérdida de datos
C:\Users\imano\Documents\Lab. Grafica\Proyecto_Final\Proyecto_Final\Proyecto_Final.cpp(1337,11): warning C4244: '=': conversión de 'double' a 'GLfloat'; posible pérdida de datos
C:\Users\imano\Documents\Lab. Grafica\Proyecto_Final\Proyecto_Final\Proyecto_Final.cpp(1338,11): warning C4244: '=': conversión de 'double' a 'GLfloat'; posible pérdida de datos
C:\Users\imano\Documents\Lab. Grafica\Proyecto_Final\Proyecto_Final\Proyecto_Final.cpp(1342,18): warning C4244: 'inicializando': conversión de 'double' a 'GLfloat'; posible pérdida de datos
C:\Users\imano\Documents\Lab. Grafica\Proyecto_Final\Proyecto_Final\Proyecto_Final.cpp(1343,18): warning C4244: 'inicializando': conversión de 'double' a 'GLfloat'; posible pérdida de datos
C:\Users\imano\Documents\Lab. Grafica\Proyecto_Final\Proyecto_Final\Proyecto_Final.cpp(1345,10): warning C4244: '=': conversión de 'double' a 'GLfloat'; posible pérdida de datos
C:\Users\imano\Documents\Lab. Grafica\Proyecto_Final\Proyecto_Final\Proyecto_Final.cpp(1346,10): warning C4244: '=': conversión de 'double' a 'GLfloat'; posible pérdida de datos
soil2-debug.lib(SOIL2.obj) : warning LNK4075: se omite '/EDITANDCONTINUE' debido a la especificación '/OPT:ICF'
LINK : warning LNK4098: la biblioteca predeterminada'MSVCRTD' entra en conflicto con otras bibliotecas; use la biblioteca /NODEFAULTLIB:biblioteca
  Generando código
  17 of 704 functions ( 2.4%) were compiled, the rest were copied from previous compilation.
    3 functions were new in current compilation
    14 functions had inline decision re-evaluated but remain unchanged
  Generación de código finalizada
soil2-debug.lib(etc1_utils.obj) : warning LNK4099: no se encontró PDB '' con 'soil2-debug.lib(etc1_utils.obj)' o en ''; se vinculará el objeto sin tener en cuenta información de depuración
soil2-debug.lib(image_DXT.obj) : warning LNK4099: no se encontró PDB 'soil2-debug.pdb' con 'soil2-debug.lib(image_DXT.obj)' o en 'C:\Users\imano\Documents\Lab. Grafica\Proyecto_Final\Release\soil2-debug.pdb'; se vinculará el objeto sin tener en cuenta información de depuración
soil2-debug.lib(image_helper.obj) : warning LNK4099: no se encontró PDB 'soil2-debug.pdb' con 'soil2-debug.lib(image_helper.obj)' o en 'C:\Users\imano\Documents\Lab. Grafica\Proyecto_Final\Release\soil2-debug.pdb'; se vinculará el objeto sin tener en cuenta información de depuración
soil2-debug.lib(SOIL2.obj) : warning LNK4099: no se encontró PDB 'soil2-debug.pdb' con 'soil2-debug.lib(SOIL2.obj)' o en 'C:\Users\imano\Documents\Lab. Grafica\Proyecto_Final\Release\soil2-debug.pdb'; se vinculará el objeto sin tener en cuenta información de depuración
  Proyecto_Final.vcxproj -> C:\Users\imano\Documents\Lab. Grafica\Proyecto_Final\Release\Proyecto_Final.exe
